// Jest Snapshot v1, https://goo.gl/fbAQLP

exports[`<ExternalLink /> renders correctly 1`] = `
<div>
  <a
    class="externalLink "
    href="https://hel.fi"
    rel="noopener noreferrer"
    target="_blank"
  >
    Helsingin kaupunki
     
    <svg
      aria-label="Aukeaa uuteen ikkunaan"
      class="Icon-module_icon__1Jtzj icon_hds-icon__1YqNC Icon-module_s__2WGWe icon_hds-icon--size-s__2Lkik"
      role="img"
      viewBox="0 0 24 24"
      xmlns="http://www.w3.org/2000/svg"
    >
      <g
        fill="none"
        fill-rule="evenodd"
      >
        <path
          d="M0 0h24v24H0z"
        />
        <path
          d="M10 3v2H5v14h14v-5h2v7H3V3h7zm11 0v8h-2V6.413l-7 7.001L10.586 12l6.999-7H13V3h8z"
          fill="currentColor"
        />
      </g>
    </svg>
  </a>
</div>
`;
