// Jest Snapshot v1, https://goo.gl/fbAQLP

exports[`matches snapshot 1`] = `
<header
  className="header"
>
  <div
    className="centeredContainer"
  >
    <HelsinkiLogo
      className="logo"
      isLinkToFrontPage={true}
    />
    <Link
      className="appName"
      to="/"
    >
      Nuorisopalvelut
    </Link>
    <section
      className="end"
    >
      <FullscreenNavigation
        className="mobileNav"
      />
      <div
        className="desktopNav"
      >
        <LanguageSwitcher />
        <UserDropdown />
      </div>
    </section>
  </div>
</header>
`;
