// Jest Snapshot v1, https://goo.gl/fbAQLP

exports[`matches snapshot 1`] = `
<HelmetProvider
  context={Object {}}
>
  <Helmet
    defer={true}
    encodeSpecialCharacters={true}
  >
    <html
      lang="fi"
    />
    <title>
      Nuorisopalvelut
    </title>
    <meta
      content="Jässärillä pääset mukaan nuorisopalveluiden toimintaan. Jäsenyys takaa sinulle kivaa tekemistä, voit hengailla nuorisotaloilla, osallistua harrastusryhmiin, kursseille ja leireille, hakea projektiavustusta tai vaikka tuottaa oman tapahtuman! Nuorisotaloilla toimintaa ohjaavat koulutetut nuoriso-ohjaajat."
      name="description"
    />
    <meta
      content="Nuorisopalvelut"
      property="og:title"
    />
    <meta
      content="Jässärillä pääset mukaan nuorisopalveluiden toimintaan. Jäsenyys takaa sinulle kivaa tekemistä, voit hengailla nuorisotaloilla, osallistua harrastusryhmiin, kursseille ja leireille, hakea projektiavustusta tai vaikka tuottaa oman tapahtuman! Nuorisotaloilla toimintaa ohjaavat koulutetut nuoriso-ohjaajat."
      property="og:description"
    />
  </Helmet>
</HelmetProvider>
`;
