// Jest Snapshot v1, https://goo.gl/fbAQLP

exports[`matches snapshot 1`] = `
<HelmetProvider
  context={Object {}}
>
  <Helmet
    defer={true}
    encodeSpecialCharacters={true}
  >
    <html
      lang="fi"
    />
    <title>
      Nuorisopalvelut
    </title>
    <meta
      content="Jäsenkortilla pääset mukaan nuorisotalojen toimintaan. Jässärin omistajana voit viettää iltaa discossa tai yökahvilassa, hengailla nuorisotalolla, harjoitella bändikämpillä, käydä dj-kurssin, harrasta tanssia, teatteria tai kädentaitoja, hakea projektirahaa, osallistua kesäleireille tai vaikka tuottaa oman tapahtuman."
      name="description"
    />
    <meta
      content="Nuorisopalvelut"
      property="og:title"
    />
    <meta
      content="Jäsenkortilla pääset mukaan nuorisotalojen toimintaan. Jässärin omistajana voit viettää iltaa discossa tai yökahvilassa, hengailla nuorisotalolla, harjoitella bändikämpillä, käydä dj-kurssin, harrasta tanssia, teatteria tai kädentaitoja, hakea projektirahaa, osallistua kesäleireille tai vaikka tuottaa oman tapahtuman."
      property="og:description"
    />
  </Helmet>
</HelmetProvider>
`;
