// Jest Snapshot v1, https://goo.gl/fbAQLP

exports[`match snapshot 1`] = `
<div>
  <div
    class="hostingBox"
  >
    <h1
      class="text h1 "
    >
      Hakemus on lähetetty huoltajallesi!
    </h1>
    <p
      class="helpText"
    >
      Olet lähettänyt jäsenyyden hyväksyttäväksi osoitteeseen
       
      .
    </p>
    <button
      class="Button-module_button__1msFE button_hds-button__2A0je Button-module_primary__2LfKB button_hds-button--primary__2NVvO button"
      type="button"
    >
      <span
        class="Button-module_label__a4np1 button_hds-button__label__2EQa-"
      >
        Lähetä uusi pyyntö huoltajallle
      </span>
    </button>
    <br />
    <a
      class="hds-button hds-button--secondary button"
      href="/membership-details"
    >
      <span
        class="hds-button__label"
      >
        Näytä hakemuksen tiedot
      </span>
      
    </a>
  </div>
</div>
`;
