// Jest Snapshot v1, https://goo.gl/fbAQLP

exports[`matches snapshot 1`] = `
<Fragment>
  <Helmet
    defer={true}
    encodeSpecialCharacters={true}
  >
    <title>
      Jässäri
    </title>
    <meta
      content="Jässärillä pääset mukaan nuorisopalveluiden toimintaan. Jäsenyys takaa sinulle kivaa tekemistä, voit hengailla nuorisotaloilla, osallistua harrastusryhmiin, kursseille ja leireille, hakea projektiavustusta tai vaikka tuottaa oman tapahtuman! Nuorisotaloilla toimintaa ohjaavat koulutetut nuoriso-ohjaajat."
      name="description"
    />
    <meta
      content="Jässäri"
      property="og:title"
    />
    <meta
      content="Jässärillä pääset mukaan nuorisopalveluiden toimintaan. Jäsenyys takaa sinulle kivaa tekemistä, voit hengailla nuorisotaloilla, osallistua harrastusryhmiin, kursseille ja leireille, hakea projektiavustusta tai vaikka tuottaa oman tapahtuman! Nuorisotaloilla toimintaa ohjaavat koulutetut nuoriso-ohjaajat."
      property="og:description"
    />
  </Helmet>
</Fragment>
`;
