// Jest Snapshot v1, https://goo.gl/fbAQLP

exports[`matches snapshot 1`] = `
<Provider
  store={
    Object {
      "dispatch": [Function],
      "getState": [Function],
      "replaceReducer": [Function],
      "subscribe": [Function],
      Symbol(observable): [Function],
    }
  }
>
  <HelmetProvider
    context={
      Object {
        "helmet": null,
      }
    }
  >
    <MemoryRouter
      keyLength={0}
    >
      <Router
        history={
          Object {
            "action": "POP",
            "block": [Function],
            "canGo": [Function],
            "createHref": [Function],
            "entries": Array [
              Object {
                "hash": "",
                "pathname": "/",
                "search": "",
                "state": undefined,
              },
            ],
            "go": [Function],
            "goBack": [Function],
            "goForward": [Function],
            "index": 0,
            "length": 1,
            "listen": [Function],
            "location": Object {
              "hash": "",
              "pathname": "/",
              "search": "",
              "state": undefined,
            },
            "push": [Function],
            "replace": [Function],
          }
        }
      >
        <PageWrapper>
          <Helmet
            defer={true}
            encodeSpecialCharacters={true}
          >
            <HelmetDispatcher
              context={
                Object {
                  "helmetInstances": Object {
                    "add": [Function],
                    "get": [Function],
                    "remove": [Function],
                  },
                  "setHelmet": [Function],
                }
              }
              defer={true}
              encodeSpecialCharacters={true}
              meta={
                Array [
                  Object {
                    "content": "Jässärillä pääset mukaan nuorisopalveluiden toimintaan. Jäsenyys takaa sinulle kivaa tekemistä, voit hengailla nuorisotaloilla, osallistua harrastusryhmiin, kursseille ja leireille, hakea projektiavustusta tai vaikka tuottaa oman tapahtuman! Nuorisotaloilla toimintaa ohjaavat koulutetut nuoriso-ohjaajat.",
                    "name": "description",
                  },
                  Object {
                    "content": "Nuorisotoimien jäsenkortti",
                    "property": "og:title",
                  },
                  Object {
                    "content": "Jässärillä pääset mukaan nuorisopalveluiden toimintaan. Jäsenyys takaa sinulle kivaa tekemistä, voit hengailla nuorisotaloilla, osallistua harrastusryhmiin, kursseille ja leireille, hakea projektiavustusta tai vaikka tuottaa oman tapahtuman! Nuorisotaloilla toimintaa ohjaavat koulutetut nuoriso-ohjaajat.",
                    "property": "og:description",
                  },
                ]
              }
              title="Nuorisotoimien jäsenkortti"
              titleAttributes={Object {}}
            />
          </Helmet>
        </PageWrapper>
      </Router>
    </MemoryRouter>
  </HelmetProvider>
</Provider>
`;
