// Jest Snapshot v1, https://goo.gl/fbAQLP

exports[`matches snapshot 1`] = `
<div
  className="dropdownWrapper"
>
  <button
    aria-expanded={false}
    aria-haspopup={true}
    className="navButton"
    onClick={[Function]}
  >
    <span
      className="label"
    >
      Teemu Testaaja
    </span>
  </button>
</div>
`;
